<html>
<body>
<pre>
<h1>µVision Build Log</h1>
<h2>Project:</h2>
C:\Keil\Labware\Lab10_TrafficLight\Lab10.uvproj
Project File Date:  08/26/2018

<h2>Output:</h2>
Rebuild target 'Lab10'
assembling startup.s...
compiling TableTrafficLight.c...
linking...
Program Size: Code=4444 RO-data=14728 RW-data=76 ZI-data=1756  
".\Lab10.axf" - 0 Error(s), 0 Warning(s).
Load "C:\\Keil\\Labware\\Lab10_TrafficLight\\Lab10.axf" 
Connecting: Mode=JTAG, Speed=1000000Hz
Erase Done.
Programming Done.
Verify OK.
</pre>
</body>
</html>
rget DLL has been cancelled
Load "C:\\Keil\\Labware\\Lab10_TrafficLight\\Lab10.axf" 
Connecting: Mode=JTAG, Speed=1000000Hz
Erase Done.
Programming Done.
Verify OK.
alk, goWalk}},
TableTrafficLight.c(119): error:  #146: too many initializer values
  {0x90, 0x20, 50, {goWalk, flashWalkA, flashWalkA, goWalk, flashWalkA, flashWalkA, flashWalkA, flashWalkA}},
TableTrafficLight.c(124): error:  #67: expected a "}"
  };
TableTrafficLight.c(143): error:  #20: identifier "LIGHT" is undefined
        LIGHT = FSM[S].Out;  
TableTrafficLight.c(143): error:  #136: struct "State" has no field "Out"
        LIGHT = FSM[S].Out;  
TableTrafficLight.c: 0 warnings, 7 errors
".\Lab10.axf" - 7 Error(s), 0 Warning(s).
Target not created
rafficLight.c(114): error:  #146: too many initializer values
  {0x18,50,{yieldWest,goWalk,yieldSouth,stopWalk,flashWalkA,goWest,flashWalkB,flashWalkC,stopWalk}},
TableTrafficLight.c(115): error:  #146: too many initializer values
  {0x1C,50,{yieldWest,goSouth,yieldSouth,goWalk,flashWalkA,goWest,flashWalkB,flashWalkC,stopWalk}}
TableTrafficLight.c: 0 warnings, 8 errors
".\Lab10.axf" - 8 Error(s), 0 Warning(s).
Target not created
